// Jest Snapshot v1, https://goo.gl/fbAQLP

exports[`Product Image should show the component with the custom image 1`] = `
<img
  alt="Product"
  className="productImg product-name"
  src="https://image.com"
/>
`;

exports[`Product Image should show the component with the product image 1`] = `
<div
  className="productCard undefined"
>
  <img
    alt="Product"
    className="productImg undefined"
    src="./coffee-mug.png"
  />
</div>
`;
